npm warn Unknown env config "http-proxy". This will stop working in the next major version of npm.

> brainwave-ritual-studio@4.0.0 build
> vite build

vite v6.4.3 building for production...
transforming...
✓ 1922 modules transformed.
rendering chunks...
computing gzip size...
dist/manifest.webmanifest                                0.58 kB
dist/index.html                                          2.03 kB │ gzip:   1.08 kB
dist/.vite/manifest.json                                30.63 kB │ gzip:   3.52 kB
dist/assets/PretendardVariable-CJuje-Rk.woff2        2,057.69 kB
dist/assets/OilSeaScene-DCK9DiR6.css                     0.54 kB │ gzip:   0.25 kB
dist/assets/CafeWorld-C9Qt3Lhc.css                       0.56 kB │ gzip:   0.30 kB
dist/assets/SanctuaryView-BkvmUDvh.css                   0.58 kB │ gzip:   0.31 kB
dist/assets/RainyWindowScene-RbMGMCWm.css                0.59 kB │ gzip:   0.26 kB
dist/assets/DeepWaterView-Dd3CCiYP.css                   0.61 kB │ gzip:   0.34 kB
dist/assets/KoreanWorld-ChQ9t79Y.css                     0.62 kB │ gzip:   0.33 kB
dist/assets/WorldView-Ccq85m0N.css                       0.65 kB │ gzip:   0.32 kB
dist/assets/WorldSurface-C-tstfzs.css                    0.75 kB │ gzip:   0.35 kB
dist/assets/materials-DFmtbpTc.css                       0.86 kB │ gzip:   0.42 kB
dist/assets/ForestWorld-BiYXXejK.css                     1.12 kB │ gzip:   0.47 kB
dist/assets/NightWorld-ZuciVTVz.css                      1.16 kB │ gzip:   0.52 kB
dist/assets/CosmicWorld-CYYMiYuf.css                     1.23 kB │ gzip:   0.59 kB
dist/assets/ShelterWorld-DS072ibN.css                    1.24 kB │ gzip:   0.56 kB
dist/assets/ImmersiveWorldSlot-DTqxEZbX.css              3.80 kB │ gzip:   1.26 kB
dist/assets/index-BXP0utCv.css                         103.38 kB │ gzip:  18.67 kB
dist/assets/world-DeepNightWorld-L2OLXS_u.js             0.23 kB │ gzip:   0.19 kB
dist/assets/world-MountainCampfireWorld-eE5GfmrT.js      0.24 kB │ gzip:   0.20 kB
dist/assets/world-LakesideCampWorld-B-EKV-Bv.js          0.24 kB │ gzip:   0.20 kB
dist/assets/world-ScopsNightWorld-CCTmqYU3.js            0.26 kB │ gzip:   0.21 kB
dist/assets/world-RuralSummerNightWorld-D79Nmitg.js      0.26 kB │ gzip:   0.21 kB
dist/assets/world-TempleWorld-CxbhZN6T.js                0.26 kB │ gzip:   0.21 kB
dist/assets/world-DeepSeaWorld-1tHW9uD-.js               0.26 kB │ gzip:   0.21 kB
dist/assets/world-CaveWorld-w1ER0ZiB.js                  0.26 kB │ gzip:   0.21 kB
dist/assets/world-WaterfallWorld-C4Ug_BYi.js             0.27 kB │ gzip:   0.22 kB
dist/assets/world-RainyForestWorld-SA6ApdY7.js           0.29 kB │ gzip:   0.21 kB
dist/assets/world-BambooWorld-B5DQgzSi.js                0.29 kB │ gzip:   0.22 kB
dist/assets/world-MorningPorchWorld-Box-o1YW.js          0.29 kB │ gzip:   0.22 kB
dist/assets/world-AncientForestWorld-R4nJmNio.js         0.29 kB │ gzip:   0.21 kB
dist/assets/arrow-right-BSPlRNiw.js                      0.34 kB │ gzip:   0.26 kB
dist/assets/Toggle-JHnraPCa.js                           0.59 kB │ gzip:   0.37 kB
dist/assets/look-CY0gEWsC.js                             0.93 kB │ gzip:   0.46 kB
dist/assets/useLookDrag-DsGAO2JA.js                      1.13 kB │ gzip:   0.56 kB
dist/assets/VolumeSlider-zQF_q3NT.js                     1.50 kB │ gzip:   0.88 kB
dist/assets/three-FvgWsoYT.js                            1.72 kB │ gzip:   0.80 kB
dist/assets/world-renderTargets-B1PDlCOP.js              1.84 kB │ gzip:   0.98 kB
dist/assets/quality-Bjokd3qe.js                          2.08 kB │ gzip:   0.99 kB
dist/assets/SessionReflection-Bx31p0AO.js                2.25 kB │ gzip:   1.18 kB
dist/assets/experience-CJtHQUfX.js                       2.40 kB │ gzip:   0.82 kB
dist/assets/SoundLayerPicker-BTRrnhoH.js                 2.94 kB │ gzip:   1.52 kB
dist/assets/three-BcXOOer8.js                            3.92 kB │ gzip:   1.56 kB
dist/assets/world-environment-DL0Gkhma.js                4.30 kB │ gzip:   1.87 kB
dist/assets/three-B94qB-g_.js                            5.26 kB │ gzip:   1.71 kB
dist/assets/BrainwaveGuidePage-DN53iPzm.js               5.29 kB │ gzip:   2.27 kB
dist/assets/workbox-window.prod.es5-BBnX5xw4.js          5.75 kB │ gzip:   2.36 kB
dist/assets/ImmersiveMode-BpXXq5Fi.js                    5.92 kB │ gzip:   2.56 kB
dist/assets/world-environment-DJQPnrUh.js                6.41 kB │ gzip:   2.77 kB
dist/assets/world-SanctuaryView-5eSVc3G2.js              6.77 kB │ gzip:   2.71 kB
dist/assets/BrainwaveGuide-B0HxtFxU.js                   6.99 kB │ gzip:   2.76 kB
dist/assets/SoundFailureNotice-DTz9OBhE.js               7.38 kB │ gzip:   3.40 kB
dist/assets/world-ShelterWorld-Bn9K2nIs.js               8.16 kB │ gzip:   3.41 kB
dist/assets/world-KoreanWorld-DEujtOKF.js                8.20 kB │ gzip:   3.26 kB
dist/assets/StatsDashboard-Pmxauuqa.js                  10.02 kB │ gzip:   3.68 kB
dist/assets/world-cave-BfOZXQTt.js                      10.02 kB │ gzip:   4.55 kB
dist/assets/world-SleepRoomWorld-U2BfvsnJ.js            10.11 kB │ gzip:   4.57 kB
dist/assets/world-WarmHeartWorld-B_GvT6H4.js            10.14 kB │ gzip:   4.62 kB
dist/assets/world-WorldView-o89CrxyM.js                 10.47 kB │ gzip:   3.93 kB
dist/assets/world-HearthWorld-B5zr_ema.js               10.85 kB │ gzip:   4.97 kB
dist/assets/world-fireDetail-Bz-rK0sF.js                11.01 kB │ gzip:   4.66 kB
dist/assets/world-materials-BOWzhD5e.js                 11.38 kB │ gzip:   4.79 kB
dist/assets/ImmersiveWorldSlot-D04usx1L.js              12.08 kB │ gzip:   4.45 kB
dist/assets/world-DeepWaterView-CX_NccPb.js             12.22 kB │ gzip:   4.50 kB
dist/assets/RoutineLibrary-B7MiSSK-.js                  12.30 kB │ gzip:   3.64 kB
dist/assets/SettingsView-DiagevIH.js                    14.16 kB │ gzip:   4.24 kB
dist/assets/world-sea-CVZMpvVf.js                       14.30 kB │ gzip:   5.66 kB
dist/assets/NatureMode-uJMfPL0v.js                      14.32 kB │ gzip:   5.00 kB
dist/assets/world-MonsoonPorchWorld-DrwM9joB.js         14.88 kB │ gzip:   6.25 kB
dist/assets/world-RainTentWorld-0NQoRCi5.js             15.18 kB │ gzip:   6.58 kB
dist/assets/world-SummerStormWorld-DNSrxBuR.js          15.26 kB │ gzip:   6.46 kB
dist/assets/world-waterfall-Dh2vhhnF.js                 15.35 kB │ gzip:   6.24 kB
dist/assets/world-GardenWindowWorld-BdY3UBga.js         15.37 kB │ gzip:   6.52 kB
dist/assets/world-WinterLodgeWorld-BKYNGuIk.js          15.62 kB │ gzip:   6.78 kB
dist/assets/world-NapTerraceWorld-Ctw_oZtj.js           16.45 kB │ gzip:   7.09 kB
dist/assets/world-NightPondWorld-BAsm6qY5.js            16.49 kB │ gzip:   6.89 kB
dist/assets/world-SummerValleyWorld-D2W259MZ.js         19.25 kB │ gzip:   7.42 kB
dist/assets/world-scops-BiDIUZ-H.js                     19.50 kB │ gzip:   7.95 kB
dist/assets/world-PebbleShoreWorld-BJXMt-De.js          19.78 kB │ gzip:   7.86 kB
dist/assets/SessionSetup-D8uxioVP.js                    20.11 kB │ gzip:   5.39 kB
dist/assets/world-MeditationCourtWorld-eSx-sXhB.js      21.01 kB │ gzip:   9.05 kB
dist/assets/world-SnowVillageWorld-DK2vq-nh.js          21.61 kB │ gzip:   9.24 kB
dist/assets/immersiveSessionBridge-2XhsWP7t.js          23.00 kB │ gzip:   8.44 kB
dist/assets/Player-DY6mznke.js                          23.68 kB │ gzip:   7.25 kB
dist/assets/world-rural-BmypkKDO.js                     24.45 kB │ gzip:   9.89 kB
dist/assets/world-temple-Blr1R8Pw.js                    27.52 kB │ gzip:  11.22 kB
dist/assets/world-CafeWorld-c-eDCkW9.js                 45.34 kB │ gzip:  18.76 kB
dist/assets/world-CosmicWorld-Bhg7SvI2.js               48.52 kB │ gzip:  17.23 kB
dist/assets/world-ForestWorld-IHaKZSzB.js               51.65 kB │ gzip:  19.11 kB
dist/assets/world-NightWorld-CLFSg5F8.js                59.25 kB │ gzip:  23.54 kB
dist/assets/world-WorldSurface-r1C8itUg.js              85.67 kB │ gzip:  32.22 kB
dist/assets/OilSeaScene-C_nY1Tqi.js                    130.66 kB │ gzip:  44.70 kB
dist/assets/RainyWindowScene-DgDeEf3g.js               353.03 kB │ gzip: 137.32 kB
dist/assets/index-BIpQoT7O.js                          418.68 kB │ gzip: 120.14 kB
dist/assets/three--Qrk24iT.js                          600.47 kB │ gzip: 153.06 kB

(!) Some chunks are larger than 500 kB after minification. Consider:
- Using dynamic import() to code-split the application
- Use build.rollupOptions.output.manualChunks to improve chunking: https://rollupjs.org/configuration-options/#output-manualchunks
- Adjust chunk size limit for this warning via build.chunkSizeWarningLimit.
✓ built in 6.15s

PWA v0.21.2
mode      generateSW
precache  44 entries (866.00 KiB)
files generated
  dist/sw.js
  dist/workbox-3b53d7d6.js
