npm warn Unknown env config "http-proxy". This will stop working in the next major version of npm.

> brainwave-ritual-studio@4.0.0 build
> vite build

vite v6.4.3 building for production...
transforming...
✓ 1921 modules transformed.
rendering chunks...
computing gzip size...
dist/manifest.webmanifest                                0.58 kB
dist/index.html                                          2.03 kB │ gzip:   1.08 kB
dist/.vite/manifest.json                                30.38 kB │ gzip:   3.50 kB
dist/assets/PretendardVariable-CJuje-Rk.woff2        2,057.69 kB
dist/assets/OilSeaScene-DCK9DiR6.css                     0.54 kB │ gzip:   0.25 kB
dist/assets/CafeWorld-C9Qt3Lhc.css                       0.56 kB │ gzip:   0.30 kB
dist/assets/SanctuaryView-BkvmUDvh.css                   0.58 kB │ gzip:   0.31 kB
dist/assets/RainyWindowScene-RbMGMCWm.css                0.59 kB │ gzip:   0.26 kB
dist/assets/DeepWaterView-Dd3CCiYP.css                   0.61 kB │ gzip:   0.34 kB
dist/assets/KoreanWorld-ChQ9t79Y.css                     0.62 kB │ gzip:   0.33 kB
dist/assets/WorldView-Ccq85m0N.css                       0.65 kB │ gzip:   0.32 kB
dist/assets/WorldSurface-C-tstfzs.css                    0.75 kB │ gzip:   0.35 kB
dist/assets/materials-DFmtbpTc.css                       0.86 kB │ gzip:   0.42 kB
dist/assets/ForestWorld-BiYXXejK.css                     1.12 kB │ gzip:   0.47 kB
dist/assets/NightWorld-ZuciVTVz.css                      1.16 kB │ gzip:   0.52 kB
dist/assets/CosmicWorld-CYYMiYuf.css                     1.23 kB │ gzip:   0.59 kB
dist/assets/ShelterWorld-DS072ibN.css                    1.24 kB │ gzip:   0.56 kB
dist/assets/ImmersiveWorldSlot-DTqxEZbX.css              3.80 kB │ gzip:   1.26 kB
dist/assets/index-Dxjefzym.css                         103.36 kB │ gzip:  18.67 kB
dist/assets/world-DeepNightWorld-DQIRZuO7.js             0.23 kB │ gzip:   0.19 kB
dist/assets/world-MountainCampfireWorld-PKSSTCOi.js      0.24 kB │ gzip:   0.20 kB
dist/assets/world-LakesideCampWorld-Ds130w01.js          0.24 kB │ gzip:   0.20 kB
dist/assets/world-ScopsNightWorld-CJYKhOmd.js            0.26 kB │ gzip:   0.21 kB
dist/assets/world-RuralSummerNightWorld-qFu4vnoy.js      0.26 kB │ gzip:   0.20 kB
dist/assets/world-TempleWorld-F8v-UYK-.js                0.26 kB │ gzip:   0.21 kB
dist/assets/world-DeepSeaWorld-CieMUhea.js               0.26 kB │ gzip:   0.21 kB
dist/assets/world-CaveWorld-BEYOPO81.js                  0.26 kB │ gzip:   0.21 kB
dist/assets/world-WaterfallWorld-psYCkGvo.js             0.27 kB │ gzip:   0.22 kB
dist/assets/world-RainyForestWorld-1iXoEU4I.js           0.29 kB │ gzip:   0.21 kB
dist/assets/world-BambooWorld-BgXaTgvg.js                0.29 kB │ gzip:   0.22 kB
dist/assets/world-MorningPorchWorld-D-DtOQWv.js          0.29 kB │ gzip:   0.21 kB
dist/assets/world-AncientForestWorld-BfT-XUTD.js         0.29 kB │ gzip:   0.22 kB
dist/assets/arrow-right-8Aij_2AC.js                      0.34 kB │ gzip:   0.26 kB
dist/assets/Toggle-JnqQKU9_.js                           0.59 kB │ gzip:   0.37 kB
dist/assets/look-CY0gEWsC.js                             0.93 kB │ gzip:   0.46 kB
dist/assets/useLookDrag-D1QpQtiu.js                      1.13 kB │ gzip:   0.56 kB
dist/assets/VolumeSlider-CvfWQ7XM.js                     1.50 kB │ gzip:   0.88 kB
dist/assets/three-FvgWsoYT.js                            1.72 kB │ gzip:   0.80 kB
dist/assets/world-renderTargets-B1PDlCOP.js              1.84 kB │ gzip:   0.98 kB
dist/assets/quality-Bjokd3qe.js                          2.08 kB │ gzip:   0.99 kB
dist/assets/SessionReflection-HxJg7MbR.js                2.25 kB │ gzip:   1.18 kB
dist/assets/experience-BjkFeIbM.js                       2.40 kB │ gzip:   0.82 kB
dist/assets/SoundLayerPicker-fQOwQa1I.js                 2.94 kB │ gzip:   1.52 kB
dist/assets/three-BcXOOer8.js                            3.92 kB │ gzip:   1.56 kB
dist/assets/three-B94qB-g_.js                            5.26 kB │ gzip:   1.71 kB
dist/assets/BrainwaveGuidePage-yQuQ--Ar.js               5.29 kB │ gzip:   2.26 kB
dist/assets/workbox-window.prod.es5-BBnX5xw4.js          5.75 kB │ gzip:   2.36 kB
dist/assets/ImmersiveMode-EF3DWvXS.js                    5.92 kB │ gzip:   2.56 kB
dist/assets/world-environment-DJQPnrUh.js                6.41 kB │ gzip:   2.77 kB
dist/assets/world-SanctuaryView-OXBKcPPP.js              6.77 kB │ gzip:   2.71 kB
dist/assets/BrainwaveGuide-e30uayJ7.js                   6.99 kB │ gzip:   2.76 kB
dist/assets/SoundFailureNotice-BPt8attz.js               7.38 kB │ gzip:   3.40 kB
dist/assets/world-KoreanWorld-D1XKfW1n.js                8.15 kB │ gzip:   3.24 kB
dist/assets/world-ShelterWorld-CGlwRV_e.js               8.16 kB │ gzip:   3.41 kB
dist/assets/StatsDashboard-PFHdrfiI.js                  10.02 kB │ gzip:   3.68 kB
dist/assets/world-cave-BfOZXQTt.js                      10.02 kB │ gzip:   4.55 kB
dist/assets/world-SleepRoomWorld-CPy1pMEs.js            10.11 kB │ gzip:   4.57 kB
dist/assets/world-WarmHeartWorld-BxeUp9VA.js            10.14 kB │ gzip:   4.62 kB
dist/assets/world-WorldView-CPGfnrUk.js                 10.47 kB │ gzip:   3.93 kB
dist/assets/world-HearthWorld-SSZXYbCY.js               10.85 kB │ gzip:   4.98 kB
dist/assets/world-fireDetail-Bz-rK0sF.js                11.01 kB │ gzip:   4.66 kB
dist/assets/world-materials-DQyvN8Su.js                 11.38 kB │ gzip:   4.79 kB
dist/assets/ImmersiveWorldSlot-DC_rdnzP.js              12.08 kB │ gzip:   4.45 kB
dist/assets/world-DeepWaterView-DQng8vQ5.js             12.22 kB │ gzip:   4.50 kB
dist/assets/RoutineLibrary-Cy7US6QG.js                  12.30 kB │ gzip:   3.64 kB
dist/assets/SettingsView-Dk12nVzj.js                    14.16 kB │ gzip:   4.24 kB
dist/assets/world-sea-CVZMpvVf.js                       14.30 kB │ gzip:   5.66 kB
dist/assets/NatureMode-BSEGqfA2.js                      14.32 kB │ gzip:   5.00 kB
dist/assets/world-MonsoonPorchWorld-CGxpX51D.js         14.88 kB │ gzip:   6.25 kB
dist/assets/world-RainTentWorld-CmhdRkp-.js             15.18 kB │ gzip:   6.58 kB
dist/assets/world-SummerStormWorld-6bF-fJH-.js          15.26 kB │ gzip:   6.46 kB
dist/assets/world-waterfall-Dh2vhhnF.js                 15.35 kB │ gzip:   6.24 kB
dist/assets/world-GardenWindowWorld-DPFE9p2q.js         15.37 kB │ gzip:   6.52 kB
dist/assets/world-WinterLodgeWorld-BtYMAQhe.js          15.62 kB │ gzip:   6.79 kB
dist/assets/world-NapTerraceWorld-B-y0t0vr.js           16.45 kB │ gzip:   7.09 kB
dist/assets/world-NightPondWorld-C0eOuane.js            16.49 kB │ gzip:   6.89 kB
dist/assets/world-SummerValleyWorld-CpDNSI_Y.js         19.25 kB │ gzip:   7.41 kB
dist/assets/world-scops-B80Xok_R.js                     19.40 kB │ gzip:   7.90 kB
dist/assets/world-PebbleShoreWorld-JiUtRY4r.js          19.78 kB │ gzip:   7.86 kB
dist/assets/SessionSetup-RbzKXszU.js                    20.11 kB │ gzip:   5.39 kB
dist/assets/world-MeditationCourtWorld-DmfA9MNk.js      21.01 kB │ gzip:   9.05 kB
dist/assets/world-SnowVillageWorld-CSDz7jDC.js          21.61 kB │ gzip:   9.24 kB
dist/assets/immersiveSessionBridge-CUQTbsW6.js          23.00 kB │ gzip:   8.44 kB
dist/assets/Player-CWroABXs.js                          23.68 kB │ gzip:   7.25 kB
dist/assets/world-rural-BmypkKDO.js                     24.45 kB │ gzip:   9.89 kB
dist/assets/world-temple-05YLaH40.js                    27.41 kB │ gzip:  11.16 kB
dist/assets/world-CafeWorld-f2ykcV2Y.js                 45.34 kB │ gzip:  18.76 kB
dist/assets/world-CosmicWorld-CQJND7AO.js               48.52 kB │ gzip:  17.23 kB
dist/assets/world-ForestWorld-DepLp5bw.js               51.65 kB │ gzip:  19.10 kB
dist/assets/world-NightWorld-B71hziAx.js                59.25 kB │ gzip:  23.54 kB
dist/assets/world-WorldSurface-3Jy_JejU.js              85.67 kB │ gzip:  32.22 kB
dist/assets/OilSeaScene-DORNoZ_M.js                    130.66 kB │ gzip:  44.69 kB
dist/assets/RainyWindowScene-DhrhEdoT.js               353.03 kB │ gzip: 137.32 kB
dist/assets/index-DFSibu4A.js                          418.68 kB │ gzip: 120.15 kB
dist/assets/three--Qrk24iT.js                          600.47 kB │ gzip: 153.06 kB

(!) Some chunks are larger than 500 kB after minification. Consider:
- Using dynamic import() to code-split the application
- Use build.rollupOptions.output.manualChunks to improve chunking: https://rollupjs.org/configuration-options/#output-manualchunks
- Adjust chunk size limit for this warning via build.chunkSizeWarningLimit.
✓ built in 5.95s

PWA v0.21.2
mode      generateSW
precache  44 entries (865.98 KiB)
files generated
  dist/sw.js
  dist/workbox-3b53d7d6.js
