npm warn Unknown env config "http-proxy". This will stop working in the next major version of npm.

> brainwave-ritual-studio@4.0.0 build
> vite build

vite v6.4.3 building for production...
transforming...
✓ 1922 modules transformed.
rendering chunks...
computing gzip size...
dist/manifest.webmanifest                                0.58 kB
dist/index.html                                          2.03 kB │ gzip:   1.08 kB
dist/.vite/manifest.json                                30.63 kB │ gzip:   3.53 kB
dist/assets/PretendardVariable-CJuje-Rk.woff2        2,057.69 kB
dist/assets/OilSeaScene-DCK9DiR6.css                     0.54 kB │ gzip:   0.25 kB
dist/assets/CafeWorld-C9Qt3Lhc.css                       0.56 kB │ gzip:   0.30 kB
dist/assets/SanctuaryView-BkvmUDvh.css                   0.58 kB │ gzip:   0.31 kB
dist/assets/RainyWindowScene-RbMGMCWm.css                0.59 kB │ gzip:   0.26 kB
dist/assets/DeepWaterView-Dd3CCiYP.css                   0.61 kB │ gzip:   0.34 kB
dist/assets/KoreanWorld-ChQ9t79Y.css                     0.62 kB │ gzip:   0.33 kB
dist/assets/WorldView-Ccq85m0N.css                       0.65 kB │ gzip:   0.32 kB
dist/assets/WorldSurface-C-tstfzs.css                    0.75 kB │ gzip:   0.35 kB
dist/assets/materials-DFmtbpTc.css                       0.86 kB │ gzip:   0.42 kB
dist/assets/ForestWorld-BiYXXejK.css                     1.12 kB │ gzip:   0.47 kB
dist/assets/NightWorld-ZuciVTVz.css                      1.16 kB │ gzip:   0.52 kB
dist/assets/CosmicWorld-CYYMiYuf.css                     1.23 kB │ gzip:   0.59 kB
dist/assets/ShelterWorld-DS072ibN.css                    1.24 kB │ gzip:   0.56 kB
dist/assets/ImmersiveWorldSlot-DTqxEZbX.css              3.80 kB │ gzip:   1.26 kB
dist/assets/index-BXP0utCv.css                         103.38 kB │ gzip:  18.67 kB
dist/assets/world-DeepNightWorld-C6Fza8wC.js             0.23 kB │ gzip:   0.19 kB
dist/assets/world-MountainCampfireWorld-McL7u_tD.js      0.24 kB │ gzip:   0.20 kB
dist/assets/world-LakesideCampWorld-Bf4PFBw_.js          0.24 kB │ gzip:   0.20 kB
dist/assets/world-ScopsNightWorld-DqASYJX3.js            0.26 kB │ gzip:   0.21 kB
dist/assets/world-RuralSummerNightWorld-CMz8ZTBE.js      0.26 kB │ gzip:   0.21 kB
dist/assets/world-TempleWorld-Bvd8M_aX.js                0.26 kB │ gzip:   0.21 kB
dist/assets/world-DeepSeaWorld-B2ziKbfH.js               0.26 kB │ gzip:   0.21 kB
dist/assets/world-CaveWorld-B06ykEnY.js                  0.26 kB │ gzip:   0.21 kB
dist/assets/world-WaterfallWorld-QzJaN8am.js             0.27 kB │ gzip:   0.22 kB
dist/assets/world-RainyForestWorld-GBcp2EzI.js           0.29 kB │ gzip:   0.22 kB
dist/assets/world-BambooWorld-ty8x5JoY.js                0.29 kB │ gzip:   0.22 kB
dist/assets/world-MorningPorchWorld-BEvUL9vD.js          0.29 kB │ gzip:   0.22 kB
dist/assets/world-AncientForestWorld-CHCQ9fZp.js         0.29 kB │ gzip:   0.22 kB
dist/assets/arrow-right-EWc-dEZu.js                      0.34 kB │ gzip:   0.26 kB
dist/assets/Toggle-B6EzWblG.js                           0.59 kB │ gzip:   0.37 kB
dist/assets/look-CY0gEWsC.js                             0.93 kB │ gzip:   0.46 kB
dist/assets/useLookDrag-C9htrJGW.js                      1.13 kB │ gzip:   0.56 kB
dist/assets/VolumeSlider-2Qc4SWgg.js                     1.50 kB │ gzip:   0.88 kB
dist/assets/three-DVUOS6nQ.js                            1.72 kB │ gzip:   0.80 kB
dist/assets/world-renderTargets-C2F57H47.js              1.84 kB │ gzip:   0.98 kB
dist/assets/quality-Bjokd3qe.js                          2.08 kB │ gzip:   0.99 kB
dist/assets/SessionReflection-BzYhkcFh.js                2.25 kB │ gzip:   1.18 kB
dist/assets/experience-BP8GApQA.js                       2.40 kB │ gzip:   0.82 kB
dist/assets/SoundLayerPicker-vJLK0MPk.js                 2.94 kB │ gzip:   1.52 kB
dist/assets/three-C2rZdU8g.js                            3.92 kB │ gzip:   1.56 kB
dist/assets/world-environment-Dg8tSMDu.js                4.30 kB │ gzip:   1.87 kB
dist/assets/three-D5FYR_oE.js                            5.26 kB │ gzip:   1.71 kB
dist/assets/BrainwaveGuidePage-0c8YXLrN.js               5.29 kB │ gzip:   2.26 kB
dist/assets/workbox-window.prod.es5-BBnX5xw4.js          5.75 kB │ gzip:   2.36 kB
dist/assets/ImmersiveMode-XVTHNd1Z.js                    5.92 kB │ gzip:   2.56 kB
dist/assets/world-environment-CjAJZQY0.js                6.41 kB │ gzip:   2.77 kB
dist/assets/world-SanctuaryView-C5n7UEE6.js              6.77 kB │ gzip:   2.71 kB
dist/assets/BrainwaveGuide-BsLglvCI.js                   6.99 kB │ gzip:   2.76 kB
dist/assets/SoundFailureNotice-E49zUUFc.js               7.38 kB │ gzip:   3.40 kB
dist/assets/world-ShelterWorld-CMTRbD89.js               8.16 kB │ gzip:   3.41 kB
dist/assets/world-KoreanWorld-FP0wLUYA.js                8.20 kB │ gzip:   3.27 kB
dist/assets/StatsDashboard-Blg1nRh2.js                  10.02 kB │ gzip:   3.68 kB
dist/assets/world-cave-CinrhrY6.js                      10.02 kB │ gzip:   4.56 kB
dist/assets/world-SleepRoomWorld-DctPPw6T.js            10.11 kB │ gzip:   4.57 kB
dist/assets/world-WarmHeartWorld-B9i_UhXq.js            10.14 kB │ gzip:   4.62 kB
dist/assets/world-WorldView-B4K56wJo.js                 10.47 kB │ gzip:   3.93 kB
dist/assets/world-HearthWorld-eyR25TqL.js               10.85 kB │ gzip:   4.98 kB
dist/assets/world-fireDetail-DbY0iHhQ.js                11.01 kB │ gzip:   4.66 kB
dist/assets/world-materials-C0lNV9ip.js                 11.38 kB │ gzip:   4.79 kB
dist/assets/ImmersiveWorldSlot-BSF6UN1_.js              12.08 kB │ gzip:   4.46 kB
dist/assets/world-DeepWaterView-DHupdJ_f.js             12.22 kB │ gzip:   4.50 kB
dist/assets/RoutineLibrary-Bjexhk_Q.js                  12.30 kB │ gzip:   3.64 kB
dist/assets/SettingsView-DFjvBA6Q.js                    14.16 kB │ gzip:   4.24 kB
dist/assets/world-sea-rmiIxZyy.js                       14.30 kB │ gzip:   5.66 kB
dist/assets/NatureMode-w0pf3BuJ.js                      14.32 kB │ gzip:   5.00 kB
dist/assets/world-MonsoonPorchWorld-CocO-Jo_.js         14.88 kB │ gzip:   6.25 kB
dist/assets/world-RainTentWorld-CuDhQzJf.js             15.18 kB │ gzip:   6.58 kB
dist/assets/world-SummerStormWorld-BrLADr-7.js          15.26 kB │ gzip:   6.46 kB
dist/assets/world-waterfall-Bt2ZKqtc.js                 15.35 kB │ gzip:   6.25 kB
dist/assets/world-GardenWindowWorld-BsyvNfwz.js         15.37 kB │ gzip:   6.52 kB
dist/assets/world-WinterLodgeWorld-D5X7vgny.js          15.62 kB │ gzip:   6.79 kB
dist/assets/world-NapTerraceWorld-BFAbBZPT.js           16.45 kB │ gzip:   7.10 kB
dist/assets/world-NightPondWorld-BALvHO_l.js            16.49 kB │ gzip:   6.89 kB
dist/assets/world-SummerValleyWorld-LMzBWQQM.js         19.25 kB │ gzip:   7.42 kB
dist/assets/world-scops-DFKS4ssv.js                     19.50 kB │ gzip:   7.95 kB
dist/assets/world-PebbleShoreWorld-BkQtMytE.js          19.78 kB │ gzip:   7.86 kB
dist/assets/SessionSetup-Cdsay7l8.js                    20.11 kB │ gzip:   5.39 kB
dist/assets/world-MeditationCourtWorld-tKEouAgR.js      21.01 kB │ gzip:   9.05 kB
dist/assets/world-SnowVillageWorld-DgjcRueQ.js          21.61 kB │ gzip:   9.25 kB
dist/assets/immersiveSessionBridge-D8sW-qKz.js          23.00 kB │ gzip:   8.44 kB
dist/assets/Player-DvLKO-kt.js                          23.68 kB │ gzip:   7.26 kB
dist/assets/world-rural-_h9K57uG.js                     24.45 kB │ gzip:   9.89 kB
dist/assets/world-temple-D0IZxFt0.js                    27.52 kB │ gzip:  11.22 kB
dist/assets/world-CafeWorld-P6k99HsY.js                 45.34 kB │ gzip:  18.77 kB
dist/assets/world-CosmicWorld-CbwhTBqv.js               48.52 kB │ gzip:  17.23 kB
dist/assets/world-ForestWorld-evQiLyXq.js               51.65 kB │ gzip:  19.11 kB
dist/assets/world-NightWorld-BUsRHfB5.js                59.25 kB │ gzip:  23.54 kB
dist/assets/world-WorldSurface-CdNeY3Os.js              85.67 kB │ gzip:  32.23 kB
dist/assets/OilSeaScene-CHft2GoL.js                    130.66 kB │ gzip:  44.70 kB
dist/assets/RainyWindowScene-BGrldRYM.js               353.03 kB │ gzip: 137.32 kB
dist/assets/index-CkDIijGa.js                          418.68 kB │ gzip: 120.15 kB
dist/assets/three-hZqueUhM.js                          601.38 kB │ gzip: 153.38 kB

(!) Some chunks are larger than 500 kB after minification. Consider:
- Using dynamic import() to code-split the application
- Use build.rollupOptions.output.manualChunks to improve chunking: https://rollupjs.org/configuration-options/#output-manualchunks
- Adjust chunk size limit for this warning via build.chunkSizeWarningLimit.
✓ built in 6.89s

PWA v0.21.2
mode      generateSW
precache  44 entries (866.00 KiB)
files generated
  dist/sw.js
  dist/workbox-3b53d7d6.js
npm warn Unknown env config "http-proxy". This will stop working in the next major version of npm.

> brainwave-ritual-studio@4.0.0 check:bundle
> node scripts/check-bundle.mjs

initial JavaScript: 408.9 KiB / 410 KiB (index-CkDIijGa.js)
compiled CSS: 101.0 KiB / 135 KiB (index-BXP0utCv.css)
Scene chunks: absent from initial static imports and service-worker precache.
