SOURCE: de0af8d7c4a62accea7e27ade55887044f513f9c

COMMAND: npm run typecheck
npm warn Unknown env config "http-proxy". This will stop working in the next major version of npm.

> brainwave-ritual-studio@4.0.0 typecheck
> tsc --noEmit


EXIT: 0

COMMAND: npm test
npm warn Unknown env config "http-proxy". This will stop working in the next major version of npm.

> brainwave-ritual-studio@4.0.0 test
> vitest run


 RUN  v4.1.9 /workspace/scratch/86dc58dce2fc/brainwave


 Test Files  25 passed (25)
      Tests  171 passed (171)
   Start at  18:31:30
   Duration  3.01s (transform 2.70s, setup 0ms, import 4.76s, tests 2.90s, environment 2ms)


EXIT: 0

COMMAND: npm run build
npm warn Unknown env config "http-proxy". This will stop working in the next major version of npm.

> brainwave-ritual-studio@4.0.0 build
> vite build

vite v6.4.3 building for production...
transforming...
✓ 1782 modules transformed.
rendering chunks...
computing gzip size...
dist/manifest.webmanifest                            0.58 kB
dist/index.html                                      2.03 kB │ gzip:   1.09 kB
dist/assets/PretendardVariable-CJuje-Rk.woff2    2,057.69 kB
dist/assets/OilSeaScene-DCK9DiR6.css                 0.54 kB │ gzip:   0.25 kB
dist/assets/RainyWindowScene-RbMGMCWm.css            0.59 kB │ gzip:   0.26 kB
dist/assets/NatureScene-DTqxEZbX.css                 3.80 kB │ gzip:   1.26 kB
dist/assets/index-C0HD9yyT.css                     101.96 kB │ gzip:  18.46 kB
dist/assets/arrow-right-B1X5cTxV.js                  0.34 kB │ gzip:   0.27 kB
dist/assets/Toggle-BYfcyIf8.js                       0.59 kB │ gzip:   0.37 kB
dist/assets/VolumeSlider-VD8EA9ey.js                 1.50 kB │ gzip:   0.89 kB
dist/assets/SessionReflection-Bm7V-013.js            2.25 kB │ gzip:   1.18 kB
dist/assets/SoundLayerPicker-foQwJ4eX.js             2.94 kB │ gzip:   1.52 kB
dist/assets/ImmersiveMode-D4EResLs.js                4.47 kB │ gzip:   1.94 kB
dist/assets/NatureScene-BTY5KGiq.js                  4.95 kB │ gzip:   2.25 kB
dist/assets/BrainwaveGuidePage-UJjTO-m4.js           5.29 kB │ gzip:   2.27 kB
dist/assets/workbox-window.prod.es5-BBnX5xw4.js      5.75 kB │ gzip:   2.36 kB
dist/assets/VisualModeSwitch-BQmx_OjS.js             6.05 kB │ gzip:   2.86 kB
dist/assets/BrainwaveGuide-DZbRTLC3.js               6.99 kB │ gzip:   2.76 kB
dist/assets/StatsDashboard-BonP2xYi.js              10.02 kB │ gzip:   3.68 kB
dist/assets/RoutineLibrary-ByIqMvMs.js              12.30 kB │ gzip:   3.64 kB
dist/assets/NatureMode-DE_okPKp.js                  14.08 kB │ gzip:   4.89 kB
dist/assets/SettingsView-DqgC7hle.js                14.15 kB │ gzip:   4.23 kB
dist/assets/SessionSetup-eB0CIbVr.js                20.11 kB │ gzip:   5.39 kB
dist/assets/Player-Cep8qqW4.js                      23.12 kB │ gzip:   6.98 kB
dist/assets/OilSeaScene-CAl04wLQ.js                130.51 kB │ gzip:  44.63 kB
dist/assets/RainyWindowScene-QImJV414.js           354.51 kB │ gzip: 137.83 kB
dist/assets/index-BV29GOA_.js                      412.29 kB │ gzip: 117.88 kB
dist/assets/three-DeXgQOCh.js                      566.78 kB │ gzip: 144.08 kB

(!) Some chunks are larger than 500 kB after minification. Consider:
- Using dynamic import() to code-split the application
- Use build.rollupOptions.output.manualChunks to improve chunking: https://rollupjs.org/configuration-options/#output-manualchunks
- Adjust chunk size limit for this warning via build.chunkSizeWarningLimit.
✓ built in 6.51s

PWA v0.21.2
mode      generateSW
precache  42 entries (842.61 KiB)
files generated
  dist/sw.js
  dist/workbox-3b53d7d6.js

EXIT: 0

COMMAND: npm run check:bundle
npm warn Unknown env config "http-proxy". This will stop working in the next major version of npm.

> brainwave-ritual-studio@4.0.0 check:bundle
> node scripts/check-bundle.mjs

initial JavaScript: 402.6 KiB / 410 KiB (index-BV29GOA_.js)
compiled CSS: 99.6 KiB / 135 KiB (index-C0HD9yyT.css)

EXIT: 0

COMMAND: node node_modules/vite/bin/vite.js build --config components/immersiveWorlds/koreanPlaces/qa/vite.config.ts
vite v6.4.3 building for production...
transforming...
✓ 47 modules transformed.
rendering chunks...
computing gzip size...
components/immersiveWorlds/koreanPlaces/qa/dist/components/immersiveWorlds/koreanPlaces/qa/index.html    0.37 kB │ gzip:   0.27 kB
components/immersiveWorlds/koreanPlaces/qa/dist/assets/index-UnPzUkqC.css                                2.39 kB │ gzip:   0.89 kB
components/immersiveWorlds/koreanPlaces/qa/dist/assets/scops-Ccjym389.js                                19.45 kB │ gzip:   7.93 kB
components/immersiveWorlds/koreanPlaces/qa/dist/assets/rural-CHALgL2I.js                                24.44 kB │ gzip:   9.88 kB
components/immersiveWorlds/koreanPlaces/qa/dist/assets/temple-DYE1Ks2D.js                               31.25 kB │ gzip:  12.25 kB
components/immersiveWorlds/koreanPlaces/qa/dist/assets/index-D2Tsgma-.js                               806.44 kB │ gzip: 218.86 kB

(!) Some chunks are larger than 500 kB after minification. Consider:
- Using dynamic import() to code-split the application
- Use build.rollupOptions.output.manualChunks to improve chunking: https://rollupjs.org/configuration-options/#output-manualchunks
- Adjust chunk size limit for this warning via build.chunkSizeWarningLimit.
✓ built in 2.91s

EXIT: 0
