vite v6.4.3 building for production...
transforming...
✓ 48 modules transformed.
rendering chunks...
computing gzip size...
../../../../../../../../tmp/cozy-backpressure-bundle/index.html                             0.92 kB │ gzip:   0.55 kB
../../../../../../../../tmp/cozy-backpressure-bundle/assets/CozyWorld-DFmtbpTc.css          0.86 kB │ gzip:   0.42 kB
../../../../../../../../tmp/cozy-backpressure-bundle/assets/materials-LRJhVkLz.js           3.74 kB │ gzip:   1.74 kB │ map:    17.46 kB
../../../../../../../../tmp/cozy-backpressure-bundle/assets/CozyWorld-Cn6amMXH.js           4.84 kB │ gzip:   2.18 kB │ map:    13.31 kB
../../../../../../../../tmp/cozy-backpressure-bundle/assets/SleepRoomWorld--D7VE7ix.js     10.09 kB │ gzip:   4.57 kB │ map:    36.36 kB
../../../../../../../../tmp/cozy-backpressure-bundle/assets/HearthWorld-BA_0e-v7.js        10.79 kB │ gzip:   4.96 kB │ map:    39.80 kB
../../../../../../../../tmp/cozy-backpressure-bundle/assets/fireDetail-pupxm1XR.js         14.81 kB │ gzip:   5.70 kB │ map:    77.02 kB
../../../../../../../../tmp/cozy-backpressure-bundle/assets/WinterLodgeWorld-kLqDmZzP.js   15.57 kB │ gzip:   6.78 kB │ map:    54.61 kB
../../../../../../../../tmp/cozy-backpressure-bundle/assets/NapTerraceWorld-CzCs8lIb.js    16.43 kB │ gzip:   7.09 kB │ map:    61.96 kB
../../../../../../../../tmp/cozy-backpressure-bundle/assets/index-BQMFZjdm.js             796.26 kB │ gzip: 215.21 kB │ map: 3,893.31 kB
✓ built in 2.40s
START relax
Motion verified relax
Touch verified relax log
Chrome overlay verified relax
Inputs/pause verified relax
Second holder verified relax
node:internal/modules/run_main:107
    triggerUncaughtException(
    ^

AssertionError [ERR_ASSERTION]: paused RAF does not advance

8 !== 7

    at strictAssert.<computed> [as equal] (file:///workspace/scratch/9bedca85494b/brainwave/components/immersiveWorlds/cozyRooms/qa/backpressure/observe-original.mjs:25:23)
    at freeze (file:///workspace/scratch/9bedca85494b/brainwave/components/immersiveWorlds/cozyRooms/qa/verify.mjs:25:246)
    at async file:///workspace/scratch/9bedca85494b/brainwave/components/immersiveWorlds/cozyRooms/qa/verify.mjs:72:3 {
  generatedMessage: false,
  code: 'ERR_ASSERTION',
  actual: 8,
  expected: 7,
  operator: 'strictEqual',
  diff: 'simple'
}

Node.js v24.19.0
file:///workspace/scratch/9bedca85494b/brainwave/components/immersiveWorlds/cozyRooms/qa/verify-group.mjs:12
 await new Promise((resolve,reject)=>{const child=spawn(process.execPath,[path.join(qa,'verify.mjs')],{stdio:'inherit',env:{...process.env,COZY_OUTPUT:dir,COZY_WORLDS:world}});child.on('error',reject);child.on('exit',code=>code===0?resolve():reject(new Error(`${world} verification exited ${code}`)));});
                                                                                                                                                                                                                                                         ^

Error: relax verification exited 1
    at ChildProcess.<anonymous> (file:///workspace/scratch/9bedca85494b/brainwave/components/immersiveWorlds/cozyRooms/qa/verify-group.mjs:12:250)
    at ChildProcess.emit (node:events:509:28)
    at ChildProcess._handle.onexit (node:internal/child_process:295:12)

Node.js v24.19.0
