COZY_CONTEXT_LOSS {"timestamp":"2026-10-04T22:48:57.629Z","stage":"verify-original-entry-and-bundle"}
COZY_CONTEXT_LOSS {"timestamp":"2026-10-04T22:48:57.943Z","stage":"initial-navigation"}
COZY_CONTEXT_LOSS {"timestamp":"2026-10-04T22:48:57.996Z","stage":"generation-0-ready-wait"}
COZY_CONTEXT_LOSS {"timestamp":"2026-10-04T22:49:00.478Z","stage":"generation-0-ready","instance":1,"canvas":1}
COZY_CONTEXT_LOSS {"timestamp":"2026-10-04T22:49:00.479Z","stage":"running-actual-animation"}
COZY_CONTEXT_LOSS {"timestamp":"2026-10-04T22:49:00.577Z","stage":"running-driver-loss-request"}
COZY_CONTEXT_LOSS {"timestamp":"2026-10-04T22:49:12.518Z","stage":"running-loss-verified","isTrusted":true,"contextLost":true,"frames":7,"lifetime":{"created":1,"disposed":1}}
COZY_CONTEXT_LOSS {"timestamp":"2026-10-04T22:49:12.520Z","stage":"running-failed-holder-unmount"}
COZY_CONTEXT_LOSS {"timestamp":"2026-10-04T22:49:12.526Z","stage":"generation-1-ready-wait"}
COZY_CONTEXT_LOSS {"timestamp":"2026-10-04T22:49:13.775Z","stage":"generation-1-ready","instance":2,"canvas":2}
COZY_CONTEXT_LOSS {"timestamp":"2026-10-04T22:49:13.776Z","stage":"generation-1-native-input"}
COZY_CONTEXT_LOSS {"timestamp":"2026-10-04T22:49:14.196Z","stage":"generation-1-final-dispose"}
COZY_CONTEXT_LOSS {"timestamp":"2026-10-04T22:49:19.241Z","stage":"generation-1-final-disposed","lifetime":{"created":2,"disposed":2}}
COZY_CONTEXT_LOSS {"timestamp":"2026-10-04T22:49:19.241Z","stage":"running-case-passed"}
COZY_CONTEXT_LOSS {"timestamp":"2026-10-04T22:49:19.256Z","stage":"generation-2-ready-wait"}
COZY_CONTEXT_LOSS {"timestamp":"2026-10-04T22:49:20.546Z","stage":"generation-2-ready","instance":3,"canvas":3}
COZY_CONTEXT_LOSS {"timestamp":"2026-10-04T22:49:20.547Z","stage":"paused-actual-animation"}
COZY_CONTEXT_LOSS {"timestamp":"2026-10-04T22:49:20.807Z","stage":"paused-driver-loss-request"}
COZY_CONTEXT_LOSS {"timestamp":"2026-10-04T22:49:31.334Z","stage":"paused-loss-verified","isTrusted":true,"contextLost":true,"frames":5,"lifetime":{"created":3,"disposed":3}}
COZY_CONTEXT_LOSS {"timestamp":"2026-10-04T22:49:31.335Z","stage":"paused-failed-holder-unmount"}
COZY_CONTEXT_LOSS {"timestamp":"2026-10-04T22:49:31.340Z","stage":"generation-3-ready-wait"}
COZY_CONTEXT_LOSS {"timestamp":"2026-10-04T22:49:32.631Z","stage":"generation-3-ready","instance":4,"canvas":4}
COZY_CONTEXT_LOSS {"timestamp":"2026-10-04T22:49:32.636Z","stage":"generation-3-native-input"}
COZY_CONTEXT_LOSS {"timestamp":"2026-10-04T22:49:33.044Z","stage":"generation-3-final-dispose"}
COZY_CONTEXT_LOSS {"timestamp":"2026-10-04T22:49:38.087Z","stage":"generation-3-final-disposed","lifetime":{"created":4,"disposed":4}}
COZY_CONTEXT_LOSS {"timestamp":"2026-10-04T22:49:38.087Z","stage":"paused-case-passed"}
COZY_CONTEXT_LOSS {"timestamp":"2026-10-04T22:49:38.088Z","stage":"verify-final-source-and-bundle"}
COZY_CONTEXT_LOSS {"timestamp":"2026-10-04T22:49:38.112Z","stage":"context-loss-passed"}
