vite v6.4.3 building for production...
transforming...
✓ 49 modules transformed.
rendering chunks...
computing gzip size...
../../../../../../../../../tmp/cozy-followup-lifecycle-bundle/index.html                             0.94 kB │ gzip:   0.56 kB
../../../../../../../../../tmp/cozy-followup-lifecycle-bundle/assets/CozyWorld-DFmtbpTc.css          0.86 kB │ gzip:   0.42 kB
../../../../../../../../../tmp/cozy-followup-lifecycle-bundle/assets/materials-Co7f-9zt.js           3.74 kB │ gzip:   1.74 kB │ map:    17.46 kB
../../../../../../../../../tmp/cozy-followup-lifecycle-bundle/assets/CozyWorld-CyoJwlwq.js           4.87 kB │ gzip:   2.20 kB │ map:    13.31 kB
../../../../../../../../../tmp/cozy-followup-lifecycle-bundle/assets/SleepRoomWorld-CsmawBkF.js     10.12 kB │ gzip:   4.58 kB │ map:    36.36 kB
../../../../../../../../../tmp/cozy-followup-lifecycle-bundle/assets/HearthWorld-t1-3LUjv.js        10.82 kB │ gzip:   4.98 kB │ map:    39.80 kB
../../../../../../../../../tmp/cozy-followup-lifecycle-bundle/assets/fireDetail-dlYN0YUl.js         14.81 kB │ gzip:   5.70 kB │ map:    77.02 kB
../../../../../../../../../tmp/cozy-followup-lifecycle-bundle/assets/WinterLodgeWorld-CJ1DYwfh.js   15.60 kB │ gzip:   6.79 kB │ map:    54.61 kB
../../../../../../../../../tmp/cozy-followup-lifecycle-bundle/assets/NapTerraceWorld-vHIe6Izv.js    16.46 kB │ gzip:   7.11 kB │ map:    61.96 kB
../../../../../../../../../tmp/cozy-followup-lifecycle-bundle/assets/main-Dj_q0n-s.js              196.43 kB │ gzip:  61.77 kB │ map:   913.68 kB
../../../../../../../../../tmp/cozy-followup-lifecycle-bundle/assets/index-DCNi3KY6.js             591.91 kB │ gzip: 151.62 kB │ map: 2,964.61 kB
✓ built in 4.40s
CLEAN LIFECYCLE START relax
node:internal/modules/run_main:107
    triggerUncaughtException(
    ^

AssertionError [ERR_ASSERTION]: all distinct lifecycle phases observed
    at file:///workspace/scratch/9bedca85494b/brainwave/components/immersiveWorlds/cozyRooms/qa/followup/lifecycle.mjs:51:10 {
  generatedMessage: false,
  code: 'ERR_ASSERTION',
  actual: undefined,
  expected: true,
  operator: '==',
  diff: 'simple'
}

Node.js v24.19.0
