vite v6.4.3 building for production...
transforming...
✓ 50 modules transformed.
rendering chunks...
computing gzip size...
../../../../../../../../tmp/cozy-gl-boundary-bundle/index.html                             0.92 kB │ gzip:   0.55 kB
../../../../../../../../tmp/cozy-gl-boundary-bundle/assets/CozyWorld-DFmtbpTc.css          0.86 kB │ gzip:   0.42 kB
../../../../../../../../tmp/cozy-gl-boundary-bundle/assets/materials-e8nGSyYp.js           3.74 kB │ gzip:   1.74 kB │ map:    17.46 kB
../../../../../../../../tmp/cozy-gl-boundary-bundle/assets/CozyWorld-Ba24gTbB.js           4.87 kB │ gzip:   2.20 kB │ map:    13.31 kB
../../../../../../../../tmp/cozy-gl-boundary-bundle/assets/SleepRoomWorld-C7SfRXbi.js     10.12 kB │ gzip:   4.58 kB │ map:    36.36 kB
../../../../../../../../tmp/cozy-gl-boundary-bundle/assets/HearthWorld-Cc5yDa9a.js        10.82 kB │ gzip:   4.98 kB │ map:    39.80 kB
../../../../../../../../tmp/cozy-gl-boundary-bundle/assets/fireDetail-BeD7MlKR.js         14.81 kB │ gzip:   5.70 kB │ map:    77.02 kB
../../../../../../../../tmp/cozy-gl-boundary-bundle/assets/WinterLodgeWorld-D2xa8fCS.js   15.60 kB │ gzip:   6.79 kB │ map:    54.61 kB
../../../../../../../../tmp/cozy-gl-boundary-bundle/assets/NapTerraceWorld-CgnLUZME.js    16.46 kB │ gzip:   7.11 kB │ map:    61.96 kB
../../../../../../../../tmp/cozy-gl-boundary-bundle/assets/main-bAl6bzOS.js              196.43 kB │ gzip:  61.77 kB │ map:   913.68 kB
../../../../../../../../tmp/cozy-gl-boundary-bundle/assets/index-CRdQdscM.js             605.90 kB │ gzip: 155.96 kB │ map: 2,998.38 kB
✓ built in 5.65s
START nature:winter_lodge
Motion verified nature:winter_lodge
Touch verified nature:winter_lodge cup
Chrome overlay verified nature:winter_lodge
Inputs/pause verified nature:winter_lodge
Second holder verified nature:winter_lodge
Motion policies verified nature:winter_lodge
node:internal/modules/run_main:107
    triggerUncaughtException(
    ^

page.evaluate: Error: Old engine/canvas/frame/time/backing/CSS/submission state changed during drain
    at l (http://127.0.0.1:4215/assets/index-CRdQdscM.js:4228:77281)
    at Object.drain (http://127.0.0.1:4215/assets/index-CRdQdscM.js:4228:78780)
    at async <anonymous>:329:30
    at drainBeforeFinalUnmount (/workspace/scratch/9bedca85494b/brainwave/components/immersiveWorlds/cozyRooms/qa/gl-boundary/runtime.mjs:56:38)
    at async file:///workspace/scratch/9bedca85494b/brainwave/components/immersiveWorlds/cozyRooms/qa/gl-boundary/.generated-drain-11.mjs:81:3 {
  log: []
}

Node.js v24.19.0
