vite v6.4.3 building for production...
transforming...
✓ 49 modules transformed.
rendering chunks...
computing gzip size...
../../../../../../../../tmp/cozy-recreation-bundle/index.html                             0.92 kB │ gzip:   0.55 kB
../../../../../../../../tmp/cozy-recreation-bundle/assets/CozyWorld-DFmtbpTc.css          0.86 kB │ gzip:   0.42 kB
../../../../../../../../tmp/cozy-recreation-bundle/assets/materials-C6I0Zt1z.js           3.74 kB │ gzip:   1.74 kB │ map:    17.46 kB
../../../../../../../../tmp/cozy-recreation-bundle/assets/CozyWorld-DHjbhpHO.js           4.87 kB │ gzip:   2.20 kB │ map:    13.31 kB
../../../../../../../../tmp/cozy-recreation-bundle/assets/SleepRoomWorld-BWjoM68L.js     10.12 kB │ gzip:   4.58 kB │ map:    36.36 kB
../../../../../../../../tmp/cozy-recreation-bundle/assets/HearthWorld-s6VVOQ6J.js        10.82 kB │ gzip:   4.98 kB │ map:    39.80 kB
../../../../../../../../tmp/cozy-recreation-bundle/assets/fireDetail-DxGGQYaE.js         14.81 kB │ gzip:   5.70 kB │ map:    77.02 kB
../../../../../../../../tmp/cozy-recreation-bundle/assets/WinterLodgeWorld-CQktAGJj.js   15.60 kB │ gzip:   6.80 kB │ map:    54.61 kB
../../../../../../../../tmp/cozy-recreation-bundle/assets/NapTerraceWorld-B2uSlzdU.js    16.46 kB │ gzip:   7.10 kB │ map:    61.96 kB
../../../../../../../../tmp/cozy-recreation-bundle/assets/main-D-w0NWJx.js              196.43 kB │ gzip:  61.77 kB │ map:   913.68 kB
../../../../../../../../tmp/cozy-recreation-bundle/assets/index-CiCrMyek.js             596.32 kB │ gzip: 153.11 kB │ map: 2,975.04 kB
✓ built in 2.46s
{
  "passed": true,
  "output": "/workspace/scratch/9bedca85494b/brainwave/components/immersiveWorlds/cozyRooms/qa/recreation/evidence/size-guard-clean",
  "lastEvent": "node-fresh-mount-ready",
  "errors": []
}
