vite v6.4.3 building for production...
transforming...
✓ 48 modules transformed.
rendering chunks...
computing gzip size...
../../../../../../../../tmp/cozy-static-redraw-bundle/index.html                             0.92 kB │ gzip:   0.55 kB
../../../../../../../../tmp/cozy-static-redraw-bundle/assets/CozyWorld-DFmtbpTc.css          0.86 kB │ gzip:   0.42 kB
../../../../../../../../tmp/cozy-static-redraw-bundle/assets/materials-Cf2IMZjV.js           3.74 kB │ gzip:   1.74 kB │ map:    17.46 kB
../../../../../../../../tmp/cozy-static-redraw-bundle/assets/CozyWorld-BLNEgYfV.js           4.84 kB │ gzip:   2.18 kB │ map:    13.31 kB
../../../../../../../../tmp/cozy-static-redraw-bundle/assets/SleepRoomWorld-CZeARFKk.js     10.09 kB │ gzip:   4.57 kB │ map:    36.36 kB
../../../../../../../../tmp/cozy-static-redraw-bundle/assets/HearthWorld-O_G0LPg3.js        10.79 kB │ gzip:   4.96 kB │ map:    39.80 kB
../../../../../../../../tmp/cozy-static-redraw-bundle/assets/fireDetail-CRcKvq-F.js         14.81 kB │ gzip:   5.70 kB │ map:    77.02 kB
../../../../../../../../tmp/cozy-static-redraw-bundle/assets/WinterLodgeWorld-L4-LKUcA.js   15.57 kB │ gzip:   6.78 kB │ map:    54.61 kB
../../../../../../../../tmp/cozy-static-redraw-bundle/assets/NapTerraceWorld-BhX3htgo.js    16.43 kB │ gzip:   7.09 kB │ map:    61.96 kB
../../../../../../../../tmp/cozy-static-redraw-bundle/assets/index-DcR1gwMx.js             790.21 kB │ gzip: 213.65 kB │ map: 3,879.38 kB
✓ built in 2.40s
START relax
Motion verified relax
Touch verified relax log
Chrome overlay verified relax
Inputs/pause verified relax
Second holder verified relax
Motion policies verified relax
Final holder detached relax 0
PASS relax
vite v6.4.3 building for production...
transforming...
✓ 48 modules transformed.
rendering chunks...
computing gzip size...
../../../../../../../../tmp/cozy-static-redraw-bundle/index.html                             0.92 kB │ gzip:   0.55 kB
../../../../../../../../tmp/cozy-static-redraw-bundle/assets/CozyWorld-DFmtbpTc.css          0.86 kB │ gzip:   0.42 kB
../../../../../../../../tmp/cozy-static-redraw-bundle/assets/materials-Cf2IMZjV.js           3.74 kB │ gzip:   1.74 kB │ map:    17.46 kB
../../../../../../../../tmp/cozy-static-redraw-bundle/assets/CozyWorld-BLNEgYfV.js           4.84 kB │ gzip:   2.18 kB │ map:    13.31 kB
../../../../../../../../tmp/cozy-static-redraw-bundle/assets/SleepRoomWorld-CZeARFKk.js     10.09 kB │ gzip:   4.57 kB │ map:    36.36 kB
../../../../../../../../tmp/cozy-static-redraw-bundle/assets/HearthWorld-O_G0LPg3.js        10.79 kB │ gzip:   4.96 kB │ map:    39.80 kB
../../../../../../../../tmp/cozy-static-redraw-bundle/assets/fireDetail-CRcKvq-F.js         14.81 kB │ gzip:   5.70 kB │ map:    77.02 kB
../../../../../../../../tmp/cozy-static-redraw-bundle/assets/WinterLodgeWorld-L4-LKUcA.js   15.57 kB │ gzip:   6.78 kB │ map:    54.61 kB
../../../../../../../../tmp/cozy-static-redraw-bundle/assets/NapTerraceWorld-BhX3htgo.js    16.43 kB │ gzip:   7.09 kB │ map:    61.96 kB
../../../../../../../../tmp/cozy-static-redraw-bundle/assets/index-DcR1gwMx.js             790.21 kB │ gzip: 213.65 kB │ map: 3,879.38 kB
✓ built in 2.39s
START sleep_prep
Motion verified sleep_prep
Touch verified sleep_prep curtain
Chrome overlay verified sleep_prep
Inputs/pause verified sleep_prep
Second holder verified sleep_prep
Motion policies verified sleep_prep
Final holder detached sleep_prep 0
PASS sleep_prep
vite v6.4.3 building for production...
transforming...
✓ 48 modules transformed.
rendering chunks...
computing gzip size...
../../../../../../../../tmp/cozy-static-redraw-bundle/index.html                             0.92 kB │ gzip:   0.55 kB
../../../../../../../../tmp/cozy-static-redraw-bundle/assets/CozyWorld-DFmtbpTc.css          0.86 kB │ gzip:   0.42 kB
../../../../../../../../tmp/cozy-static-redraw-bundle/assets/materials-Cf2IMZjV.js           3.74 kB │ gzip:   1.74 kB │ map:    17.46 kB
../../../../../../../../tmp/cozy-static-redraw-bundle/assets/CozyWorld-BLNEgYfV.js           4.84 kB │ gzip:   2.18 kB │ map:    13.31 kB
../../../../../../../../tmp/cozy-static-redraw-bundle/assets/SleepRoomWorld-CZeARFKk.js     10.09 kB │ gzip:   4.57 kB │ map:    36.36 kB
../../../../../../../../tmp/cozy-static-redraw-bundle/assets/HearthWorld-O_G0LPg3.js        10.79 kB │ gzip:   4.96 kB │ map:    39.80 kB
../../../../../../../../tmp/cozy-static-redraw-bundle/assets/fireDetail-CRcKvq-F.js         14.81 kB │ gzip:   5.70 kB │ map:    77.02 kB
../../../../../../../../tmp/cozy-static-redraw-bundle/assets/WinterLodgeWorld-L4-LKUcA.js   15.57 kB │ gzip:   6.78 kB │ map:    54.61 kB
../../../../../../../../tmp/cozy-static-redraw-bundle/assets/NapTerraceWorld-BhX3htgo.js    16.43 kB │ gzip:   7.09 kB │ map:    61.96 kB
../../../../../../../../tmp/cozy-static-redraw-bundle/assets/index-DcR1gwMx.js             790.21 kB │ gzip: 213.65 kB │ map: 3,879.38 kB
✓ built in 2.43s
START power_nap
Motion verified power_nap
Touch verified power_nap canopy
Chrome overlay verified power_nap
Inputs/pause verified power_nap
Second holder verified power_nap
Motion policies verified power_nap
Final holder detached power_nap 0
PASS power_nap
vite v6.4.3 building for production...
transforming...
✓ 48 modules transformed.
rendering chunks...
computing gzip size...
../../../../../../../../tmp/cozy-static-redraw-bundle/index.html                             0.92 kB │ gzip:   0.55 kB
../../../../../../../../tmp/cozy-static-redraw-bundle/assets/CozyWorld-DFmtbpTc.css          0.86 kB │ gzip:   0.42 kB
../../../../../../../../tmp/cozy-static-redraw-bundle/assets/materials-Cf2IMZjV.js           3.74 kB │ gzip:   1.74 kB │ map:    17.46 kB
../../../../../../../../tmp/cozy-static-redraw-bundle/assets/CozyWorld-BLNEgYfV.js           4.84 kB │ gzip:   2.18 kB │ map:    13.31 kB
../../../../../../../../tmp/cozy-static-redraw-bundle/assets/SleepRoomWorld-CZeARFKk.js     10.09 kB │ gzip:   4.57 kB │ map:    36.36 kB
../../../../../../../../tmp/cozy-static-redraw-bundle/assets/HearthWorld-O_G0LPg3.js        10.79 kB │ gzip:   4.96 kB │ map:    39.80 kB
../../../../../../../../tmp/cozy-static-redraw-bundle/assets/fireDetail-CRcKvq-F.js         14.81 kB │ gzip:   5.70 kB │ map:    77.02 kB
../../../../../../../../tmp/cozy-static-redraw-bundle/assets/WinterLodgeWorld-L4-LKUcA.js   15.57 kB │ gzip:   6.78 kB │ map:    54.61 kB
../../../../../../../../tmp/cozy-static-redraw-bundle/assets/NapTerraceWorld-BhX3htgo.js    16.43 kB │ gzip:   7.09 kB │ map:    61.96 kB
../../../../../../../../tmp/cozy-static-redraw-bundle/assets/index-DcR1gwMx.js             790.21 kB │ gzip: 213.65 kB │ map: 3,879.38 kB
✓ built in 3.50s
START nature:winter_lodge
Motion verified nature:winter_lodge
Touch verified nature:winter_lodge cup
Chrome overlay verified nature:winter_lodge
Inputs/pause verified nature:winter_lodge
Second holder verified nature:winter_lodge
Motion policies verified nature:winter_lodge
Final holder detached nature:winter_lodge 0
node:internal/modules/run_main:107
    triggerUncaughtException(
    ^

page.waitForSelector: Timeout 120000ms exceeded.
Call log:
[2m  - waiting for locator('.cozy-world[data-state="ready"] canvas') to be visible[22m

    at /workspace/scratch/9bedca85494b/brainwave/components/immersiveWorlds/cozyRooms/qa/verify.mjs:75:45 {
  log: [
    `  - waiting for locator('.cozy-world[data-state="ready"] canvas') to be visible`
  ],
  name: 'TimeoutError'
}

Node.js v24.19.0
file:///workspace/scratch/9bedca85494b/brainwave/components/immersiveWorlds/cozyRooms/qa/verify-group.mjs:12
 await new Promise((resolve,reject)=>{const child=spawn(process.execPath,[path.join(qa,'verify.mjs')],{stdio:'inherit',env:{...process.env,COZY_OUTPUT:dir,COZY_WORLDS:world}});child.on('error',reject);child.on('exit',code=>code===0?resolve():reject(new Error(`${world} verification exited ${code}`)));});
                                                                                                                                                                                                                                                         ^

Error: nature:winter_lodge verification exited 1
    at ChildProcess.<anonymous> (file:///workspace/scratch/9bedca85494b/brainwave/components/immersiveWorlds/cozyRooms/qa/verify-group.mjs:12:250)
    at ChildProcess.emit (node:events:509:28)
    at ChildProcess._handle.onexit (node:internal/child_process:295:12)

Node.js v24.19.0
