vite v6.4.3 building for production...
transforming...
✓ 48 modules transformed.
rendering chunks...
computing gzip size...
../../../../../../../../tmp/cozy-static-redraw-bundle/index.html                             0.92 kB │ gzip:   0.55 kB
../../../../../../../../tmp/cozy-static-redraw-bundle/assets/CozyWorld-DFmtbpTc.css          0.86 kB │ gzip:   0.42 kB
../../../../../../../../tmp/cozy-static-redraw-bundle/assets/materials-Cf2IMZjV.js           3.74 kB │ gzip:   1.74 kB │ map:    17.46 kB
../../../../../../../../tmp/cozy-static-redraw-bundle/assets/CozyWorld-BLNEgYfV.js           4.84 kB │ gzip:   2.18 kB │ map:    13.31 kB
../../../../../../../../tmp/cozy-static-redraw-bundle/assets/SleepRoomWorld-CZeARFKk.js     10.09 kB │ gzip:   4.57 kB │ map:    36.36 kB
../../../../../../../../tmp/cozy-static-redraw-bundle/assets/HearthWorld-O_G0LPg3.js        10.79 kB │ gzip:   4.96 kB │ map:    39.80 kB
../../../../../../../../tmp/cozy-static-redraw-bundle/assets/fireDetail-CRcKvq-F.js         14.81 kB │ gzip:   5.70 kB │ map:    77.02 kB
../../../../../../../../tmp/cozy-static-redraw-bundle/assets/WinterLodgeWorld-L4-LKUcA.js   15.57 kB │ gzip:   6.78 kB │ map:    54.61 kB
../../../../../../../../tmp/cozy-static-redraw-bundle/assets/NapTerraceWorld-BhX3htgo.js    16.43 kB │ gzip:   7.09 kB │ map:    61.96 kB
../../../../../../../../tmp/cozy-static-redraw-bundle/assets/index-DcR1gwMx.js             790.21 kB │ gzip: 213.65 kB │ map: 3,879.38 kB
✓ built in 3.03s
{
  "bundle": "/tmp/cozy-static-redraw-bundle",
  "manifest": "/tmp/cozy-static-redraw-bundle.manifest.json",
  "sourceSHA256": "588e2d1aa9721bae82c9b5de3fcc48a8d01955c47bba8f9a02398aa7be40a297",
  "bundleSHA256": "3a3888b3703fda1d03bf0198cbccaa022acb0d1c480da9a77a313eb91632f376"
}
