vite v6.4.3 building for production...
transforming...
✓ 48 modules transformed.
rendering chunks...
computing gzip size...
../../../../../../../../tmp/cozy-backpressure-bundle/index.html                             0.92 kB │ gzip:   0.55 kB
../../../../../../../../tmp/cozy-backpressure-bundle/assets/CozyWorld-DFmtbpTc.css          0.86 kB │ gzip:   0.42 kB
../../../../../../../../tmp/cozy-backpressure-bundle/assets/materials-LRJhVkLz.js           3.74 kB │ gzip:   1.74 kB │ map:    17.46 kB
../../../../../../../../tmp/cozy-backpressure-bundle/assets/CozyWorld-Cn6amMXH.js           4.84 kB │ gzip:   2.18 kB │ map:    13.31 kB
../../../../../../../../tmp/cozy-backpressure-bundle/assets/SleepRoomWorld--D7VE7ix.js     10.09 kB │ gzip:   4.57 kB │ map:    36.36 kB
../../../../../../../../tmp/cozy-backpressure-bundle/assets/HearthWorld-BA_0e-v7.js        10.79 kB │ gzip:   4.96 kB │ map:    39.80 kB
../../../../../../../../tmp/cozy-backpressure-bundle/assets/fireDetail-pupxm1XR.js         14.81 kB │ gzip:   5.70 kB │ map:    77.02 kB
../../../../../../../../tmp/cozy-backpressure-bundle/assets/WinterLodgeWorld-kLqDmZzP.js   15.57 kB │ gzip:   6.78 kB │ map:    54.61 kB
../../../../../../../../tmp/cozy-backpressure-bundle/assets/NapTerraceWorld-CzCs8lIb.js    16.43 kB │ gzip:   7.09 kB │ map:    61.96 kB
../../../../../../../../tmp/cozy-backpressure-bundle/assets/index-BQMFZjdm.js             796.26 kB │ gzip: 215.21 kB │ map: 3,893.31 kB
✓ built in 2.66s
START power_nap
Motion verified power_nap
Touch verified power_nap canopy
Chrome overlay verified power_nap
Inputs/pause verified power_nap
Second holder verified power_nap
Motion policies verified power_nap
Final holder detached power_nap 0
PASS power_nap
