vite v6.4.3 building for production...
transforming...
✓ 48 modules transformed.
rendering chunks...
computing gzip size...
../../../../../../../../tmp/cozy-followup-bundle/index.html                             0.92 kB │ gzip:   0.55 kB
../../../../../../../../tmp/cozy-followup-bundle/assets/CozyWorld-DFmtbpTc.css          0.86 kB │ gzip:   0.42 kB
../../../../../../../../tmp/cozy-followup-bundle/assets/materials-Di5W0wSt.js           3.74 kB │ gzip:   1.74 kB │ map:    17.46 kB
../../../../../../../../tmp/cozy-followup-bundle/assets/CozyWorld-ytSbzKp7.js           4.84 kB │ gzip:   2.18 kB │ map:    13.31 kB
../../../../../../../../tmp/cozy-followup-bundle/assets/SleepRoomWorld-CwSgMfOq.js     10.09 kB │ gzip:   4.57 kB │ map:    36.36 kB
../../../../../../../../tmp/cozy-followup-bundle/assets/HearthWorld-Bhp1wYZq.js        10.79 kB │ gzip:   4.96 kB │ map:    39.80 kB
../../../../../../../../tmp/cozy-followup-bundle/assets/fireDetail-CHpiNEXL.js         14.81 kB │ gzip:   5.70 kB │ map:    77.02 kB
../../../../../../../../tmp/cozy-followup-bundle/assets/WinterLodgeWorld-6ksoT8O-.js   15.57 kB │ gzip:   6.78 kB │ map:    54.61 kB
../../../../../../../../tmp/cozy-followup-bundle/assets/NapTerraceWorld-CJEFGunM.js    16.43 kB │ gzip:   7.09 kB │ map:    61.96 kB
../../../../../../../../tmp/cozy-followup-bundle/assets/index-CLDB1DB6.js             789.89 kB │ gzip: 213.59 kB │ map: 3,878.51 kB
✓ built in 2.52s
{
  "bundle": "/tmp/cozy-followup-bundle",
  "manifest": "/tmp/cozy-followup-bundle.manifest.json",
  "sourceSHA256": "4d83102d72152dec1a831b592e3624d608197c2a9714d5a22a4ca2ea9807ee2c",
  "bundleSHA256": "94d67a1b92ff2723ecd68620c2547ec8c036bb3f08907f2391cdde48067180be"
}
