vite v6.4.3 building for production...
transforming...
✓ 50 modules transformed.
rendering chunks...
computing gzip size...
../../../../../../../../tmp/cozy-gl-boundary-bundle/index.html                             0.92 kB │ gzip:   0.55 kB
../../../../../../../../tmp/cozy-gl-boundary-bundle/assets/CozyWorld-DFmtbpTc.css          0.86 kB │ gzip:   0.42 kB
../../../../../../../../tmp/cozy-gl-boundary-bundle/assets/materials-wf-a3px0.js           3.74 kB │ gzip:   1.74 kB │ map:    17.46 kB
../../../../../../../../tmp/cozy-gl-boundary-bundle/assets/CozyWorld-o4FWuVHB.js           4.87 kB │ gzip:   2.20 kB │ map:    13.31 kB
../../../../../../../../tmp/cozy-gl-boundary-bundle/assets/SleepRoomWorld-ChkPhVGB.js     10.12 kB │ gzip:   4.58 kB │ map:    36.36 kB
../../../../../../../../tmp/cozy-gl-boundary-bundle/assets/HearthWorld-BzsvmV1s.js        10.82 kB │ gzip:   4.97 kB │ map:    39.80 kB
../../../../../../../../tmp/cozy-gl-boundary-bundle/assets/fireDetail-7ff1P15k.js         14.81 kB │ gzip:   5.70 kB │ map:    77.02 kB
../../../../../../../../tmp/cozy-gl-boundary-bundle/assets/WinterLodgeWorld-DKMwcA2Q.js   15.60 kB │ gzip:   6.79 kB │ map:    54.61 kB
../../../../../../../../tmp/cozy-gl-boundary-bundle/assets/NapTerraceWorld-Cg1FuqCn.js    16.46 kB │ gzip:   7.10 kB │ map:    61.96 kB
../../../../../../../../tmp/cozy-gl-boundary-bundle/assets/main-CVT1hKOw.js              196.43 kB │ gzip:  61.77 kB │ map:   913.68 kB
../../../../../../../../tmp/cozy-gl-boundary-bundle/assets/index-C9C37vN3.js             610.67 kB │ gzip: 157.47 kB │ map: 3,009.33 kB
✓ built in 3.81s
START nature:winter_lodge
Motion verified nature:winter_lodge
Touch verified nature:winter_lodge cup
Chrome overlay verified nature:winter_lodge
Inputs/pause verified nature:winter_lodge
Second holder verified nature:winter_lodge
Motion policies verified nature:winter_lodge
Final holder detached nature:winter_lodge 0
PASS nature:winter_lodge
