vite v6.4.3 building for production...
transforming...
✓ 49 modules transformed.
rendering chunks...
computing gzip size...
../../../../../../../../../tmp/cozy-followup-lifecycle-bundle/index.html                             0.94 kB │ gzip:   0.56 kB
../../../../../../../../../tmp/cozy-followup-lifecycle-bundle/assets/CozyWorld-DFmtbpTc.css          0.86 kB │ gzip:   0.42 kB
../../../../../../../../../tmp/cozy-followup-lifecycle-bundle/assets/materials-D9shTL0S.js           3.74 kB │ gzip:   1.74 kB │ map:    17.46 kB
../../../../../../../../../tmp/cozy-followup-lifecycle-bundle/assets/CozyWorld-8a-G8kln.js           4.87 kB │ gzip:   2.20 kB │ map:    13.31 kB
../../../../../../../../../tmp/cozy-followup-lifecycle-bundle/assets/SleepRoomWorld-BVfRk5es.js     10.12 kB │ gzip:   4.58 kB │ map:    36.36 kB
../../../../../../../../../tmp/cozy-followup-lifecycle-bundle/assets/HearthWorld-BSMm22by.js        10.82 kB │ gzip:   4.98 kB │ map:    39.80 kB
../../../../../../../../../tmp/cozy-followup-lifecycle-bundle/assets/fireDetail-DQabgJrC.js         14.81 kB │ gzip:   5.70 kB │ map:    77.02 kB
../../../../../../../../../tmp/cozy-followup-lifecycle-bundle/assets/WinterLodgeWorld-DSNvF0Yk.js   15.60 kB │ gzip:   6.79 kB │ map:    54.61 kB
../../../../../../../../../tmp/cozy-followup-lifecycle-bundle/assets/NapTerraceWorld-BlWl-odt.js    16.46 kB │ gzip:   7.10 kB │ map:    61.96 kB
../../../../../../../../../tmp/cozy-followup-lifecycle-bundle/assets/main-B5pMDdHb.js              196.43 kB │ gzip:  61.77 kB │ map:   913.68 kB
../../../../../../../../../tmp/cozy-followup-lifecycle-bundle/assets/index-CRoUHBQw.js             592.53 kB │ gzip: 151.86 kB │ map: 2,966.86 kB
✓ built in 2.75s
CLEAN LIFECYCLE START relax
CLEAN LIFECYCLE PASS relax {
  configuredRetentionMs: 5000,
  removalToTimerFireMs: 5000.5,
  timerDelayMs: 5000.5,
  removalToDisposeEntryMs: 5000.599999997765,
  disposeDurationMs: 3.5,
  removalToDisposeExitMs: 5004.099999997765,
  contextLoss: {
    observed: false,
    reason: 'Engine deliberately does not force WEBGL_lose_context; no context-loss event was observed during this bounded run. Dispose return does not prove physical GPU reclamation.'
  },
  maxHeartbeatLagMs: 1395.699999999255
}
CLEAN LIFECYCLE START sleep_prep
CLEAN LIFECYCLE PASS sleep_prep {
  configuredRetentionMs: 5000,
  removalToTimerFireMs: 5000.300000000745,
  timerDelayMs: 5000.199999999255,
  removalToDisposeEntryMs: 5000.5,
  disposeDurationMs: 4.199999999254942,
  removalToDisposeExitMs: 5004.699999999255,
  contextLoss: {
    observed: false,
    reason: 'Engine deliberately does not force WEBGL_lose_context; no context-loss event was observed during this bounded run. Dispose return does not prove physical GPU reclamation.'
  },
  maxHeartbeatLagMs: 756.6999999992549
}
CLEAN LIFECYCLE START power_nap
CLEAN LIFECYCLE PASS power_nap {
  configuredRetentionMs: 5000,
  removalToTimerFireMs: 5007.800000000745,
  timerDelayMs: 5000.400000002235,
  removalToDisposeEntryMs: 5007.89999999851,
  disposeDurationMs: 4.400000002235174,
  removalToDisposeExitMs: 5012.300000000745,
  contextLoss: {
    observed: false,
    reason: 'Engine deliberately does not force WEBGL_lose_context; no context-loss event was observed during this bounded run. Dispose return does not prove physical GPU reclamation.'
  },
  maxHeartbeatLagMs: 935
}
CLEAN LIFECYCLE START nature:winter_lodge
CLEAN LIFECYCLE PASS nature:winter_lodge {
  configuredRetentionMs: 5000,
  removalToTimerFireMs: 5000.5,
  timerDelayMs: 5000.300000000745,
  removalToDisposeEntryMs: 5000.599999997765,
  disposeDurationMs: 6.699999999254942,
  removalToDisposeExitMs: 5007.29999999702,
  contextLoss: {
    observed: false,
    reason: 'Engine deliberately does not force WEBGL_lose_context; no context-loss event was observed during this bounded run. Dispose return does not prove physical GPU reclamation.'
  },
  maxHeartbeatLagMs: 1505.5
}
