COZY_RECREATION_CYCLE {"timestamp":"2026-10-04T22:48:16.314Z","stage":"verify-source-and-bundle"}
COZY_RECREATION_CYCLE {"timestamp":"2026-10-04T22:48:16.597Z","stage":"initial-navigation"}
COZY_RECREATION_CYCLE {"timestamp":"2026-10-04T22:48:16.653Z","stage":"generation-0-ready-wait"}
COZY_RECREATION_CYCLE {"timestamp":"2026-10-04T22:48:19.074Z","stage":"generation-0-ready","instance":1,"canvas":1}
COZY_RECREATION_CYCLE {"timestamp":"2026-10-04T22:48:19.075Z","stage":"initial-actual-animation"}
COZY_RECREATION_CYCLE {"timestamp":"2026-10-04T22:48:19.326Z","stage":"initial-animation-paused","frames":5,"time":8.0508}
COZY_RECREATION_CYCLE {"timestamp":"2026-10-04T22:48:19.327Z","stage":"generation-0-dispose-request"}
COZY_RECREATION_CYCLE {"timestamp":"2026-10-04T22:48:24.377Z","stage":"generation-0-disposed","elapsedMs":5050.444645,"lifetime":{"created":1,"disposed":1}}
COZY_RECREATION_CYCLE {"timestamp":"2026-10-04T22:48:24.378Z","stage":"generation-1-mount-request"}
COZY_RECREATION_CYCLE {"timestamp":"2026-10-04T22:48:24.380Z","stage":"generation-1-ready-wait"}
COZY_RECREATION_CYCLE {"timestamp":"2026-10-04T22:48:25.764Z","stage":"generation-1-ready","instance":2,"canvas":2}
COZY_RECREATION_CYCLE {"timestamp":"2026-10-04T22:48:25.765Z","stage":"generation-1-static-input-setup"}
COZY_RECREATION_CYCLE {"timestamp":"2026-10-04T22:48:26.004Z","stage":"generation-1-native-enter"}
COZY_RECREATION_CYCLE {"timestamp":"2026-10-04T22:48:26.205Z","stage":"generation-1-input-passed","event":{"world":"nature:winter_lodge","type":"cup","intensity":0.12},"instance":2}
COZY_RECREATION_CYCLE {"timestamp":"2026-10-04T22:48:26.208Z","stage":"generation-1-dispose-request"}
COZY_RECREATION_CYCLE {"timestamp":"2026-10-04T22:48:31.257Z","stage":"generation-1-disposed","elapsedMs":5049.6587660000005,"lifetime":{"created":2,"disposed":2}}
COZY_RECREATION_CYCLE {"timestamp":"2026-10-04T22:48:31.258Z","stage":"generation-2-mount-request"}
COZY_RECREATION_CYCLE {"timestamp":"2026-10-04T22:48:31.261Z","stage":"generation-2-ready-wait"}
COZY_RECREATION_CYCLE {"timestamp":"2026-10-04T22:48:33.465Z","stage":"generation-2-ready","instance":3,"canvas":3}
COZY_RECREATION_CYCLE {"timestamp":"2026-10-04T22:48:33.467Z","stage":"generation-2-static-input-setup"}
COZY_RECREATION_CYCLE {"timestamp":"2026-10-04T22:48:33.692Z","stage":"generation-2-native-enter"}
COZY_RECREATION_CYCLE {"timestamp":"2026-10-04T22:48:33.911Z","stage":"generation-2-input-passed","event":{"world":"nature:winter_lodge","type":"cup","intensity":0.12},"instance":3}
COZY_RECREATION_CYCLE {"timestamp":"2026-10-04T22:48:33.917Z","stage":"generation-2-dispose-request"}
COZY_RECREATION_CYCLE {"timestamp":"2026-10-04T22:48:38.952Z","stage":"generation-2-disposed","elapsedMs":5035.066975999998,"lifetime":{"created":3,"disposed":3}}
COZY_RECREATION_CYCLE {"timestamp":"2026-10-04T22:48:38.953Z","stage":"verify-final-hashes"}
COZY_RECREATION_CYCLE {"timestamp":"2026-10-04T22:48:38.986Z","stage":"regression-passed","engines":[1,2,3],"canvases":[1,2,3],"finalLifetime":{"created":3,"disposed":3}}
