COZY_RECREATION_CYCLE {"timestamp":"2026-10-04T21:49:31.102Z","stage":"verify-source-and-bundle"}
COZY_RECREATION_CYCLE {"timestamp":"2026-10-04T21:49:31.461Z","stage":"initial-navigation"}
COZY_RECREATION_CYCLE {"timestamp":"2026-10-04T21:49:31.533Z","stage":"generation-0-ready-wait"}
COZY_RECREATION_CYCLE {"timestamp":"2026-10-04T21:49:34.132Z","stage":"generation-0-ready","instance":1,"canvas":1}
COZY_RECREATION_CYCLE {"timestamp":"2026-10-04T21:49:34.133Z","stage":"initial-actual-animation"}
COZY_RECREATION_CYCLE {"timestamp":"2026-10-04T21:49:34.392Z","stage":"initial-animation-paused","frames":6,"time":8.05}
COZY_RECREATION_CYCLE {"timestamp":"2026-10-04T21:49:34.393Z","stage":"generation-0-dispose-request"}
COZY_RECREATION_CYCLE {"timestamp":"2026-10-04T21:49:39.433Z","stage":"generation-0-disposed","elapsedMs":5040.347949000001,"lifetime":{"created":1,"disposed":1}}
COZY_RECREATION_CYCLE {"timestamp":"2026-10-04T21:49:39.434Z","stage":"generation-1-mount-request"}
COZY_RECREATION_CYCLE {"timestamp":"2026-10-04T21:49:39.443Z","stage":"generation-1-ready-wait"}
COZY_RECREATION_CYCLE {"timestamp":"2026-10-04T21:49:42.876Z","stage":"generation-1-ready","instance":2,"canvas":2}
COZY_RECREATION_CYCLE {"timestamp":"2026-10-04T21:49:42.877Z","stage":"generation-1-static-input-setup"}
COZY_RECREATION_CYCLE {"timestamp":"2026-10-04T21:49:43.120Z","stage":"generation-1-native-enter"}
COZY_RECREATION_CYCLE {"timestamp":"2026-10-04T21:49:43.325Z","stage":"generation-1-input-passed","event":{"world":"nature:winter_lodge","type":"cup","intensity":0.12},"instance":2}
COZY_RECREATION_CYCLE {"timestamp":"2026-10-04T21:49:43.326Z","stage":"generation-1-dispose-request"}
COZY_RECREATION_CYCLE {"timestamp":"2026-10-04T21:49:48.367Z","stage":"generation-1-disposed","elapsedMs":5040.521363999998,"lifetime":{"created":2,"disposed":2}}
COZY_RECREATION_CYCLE {"timestamp":"2026-10-04T21:49:48.368Z","stage":"generation-2-mount-request"}
COZY_RECREATION_CYCLE {"timestamp":"2026-10-04T21:49:48.381Z","stage":"generation-2-ready-wait"}
COZY_RECREATION_CYCLE {"timestamp":"2026-10-04T21:49:52.369Z","stage":"generation-2-ready","instance":3,"canvas":3}
COZY_RECREATION_CYCLE {"timestamp":"2026-10-04T21:49:52.372Z","stage":"generation-2-static-input-setup"}
COZY_RECREATION_CYCLE {"timestamp":"2026-10-04T21:49:52.594Z","stage":"generation-2-native-enter"}
COZY_RECREATION_CYCLE {"timestamp":"2026-10-04T21:49:52.803Z","stage":"generation-2-input-passed","event":{"world":"nature:winter_lodge","type":"cup","intensity":0.12},"instance":3}
COZY_RECREATION_CYCLE {"timestamp":"2026-10-04T21:49:52.804Z","stage":"generation-2-dispose-request"}
COZY_RECREATION_CYCLE {"timestamp":"2026-10-04T21:49:57.843Z","stage":"generation-2-disposed","elapsedMs":5039.002149,"lifetime":{"created":3,"disposed":3}}
COZY_RECREATION_CYCLE {"timestamp":"2026-10-04T21:49:57.844Z","stage":"verify-final-hashes"}
COZY_RECREATION_CYCLE {"timestamp":"2026-10-04T21:49:57.867Z","stage":"regression-passed","engines":[1,2,3],"canvases":[1,2,3],"finalLifetime":{"created":3,"disposed":3}}
