vite v6.4.3 building for production...
transforming...
✓ 48 modules transformed.
rendering chunks...
computing gzip size...
../../../../../../../../tmp/cozy-followup-bundle/index.html                             0.92 kB │ gzip:   0.55 kB
../../../../../../../../tmp/cozy-followup-bundle/assets/CozyWorld-DFmtbpTc.css          0.86 kB │ gzip:   0.42 kB
../../../../../../../../tmp/cozy-followup-bundle/assets/materials-DedOuHZ2.js           3.74 kB │ gzip:   1.74 kB │ map:    17.46 kB
../../../../../../../../tmp/cozy-followup-bundle/assets/CozyWorld-DJoyYvrk.js           4.84 kB │ gzip:   2.18 kB │ map:    13.31 kB
../../../../../../../../tmp/cozy-followup-bundle/assets/SleepRoomWorld-CqtFZjib.js     10.09 kB │ gzip:   4.57 kB │ map:    36.36 kB
../../../../../../../../tmp/cozy-followup-bundle/assets/HearthWorld-RIrlbgNs.js        10.79 kB │ gzip:   4.96 kB │ map:    39.80 kB
../../../../../../../../tmp/cozy-followup-bundle/assets/fireDetail-C4Ud7LGM.js         14.81 kB │ gzip:   5.70 kB │ map:    77.02 kB
../../../../../../../../tmp/cozy-followup-bundle/assets/WinterLodgeWorld-BIKqNx3G.js   15.57 kB │ gzip:   6.78 kB │ map:    54.61 kB
../../../../../../../../tmp/cozy-followup-bundle/assets/NapTerraceWorld-DzYVM2iK.js    16.43 kB │ gzip:   7.09 kB │ map:    61.96 kB
../../../../../../../../tmp/cozy-followup-bundle/assets/index-B3ZHnejc.js             789.74 kB │ gzip: 213.54 kB │ map: 3,877.94 kB
✓ built in 4.19s
START nature:winter_lodge
Motion verified nature:winter_lodge
Touch verified nature:winter_lodge cup
Chrome overlay verified nature:winter_lodge
Inputs/pause verified nature:winter_lodge
Second holder verified nature:winter_lodge
Motion policies verified nature:winter_lodge
Final holder detached nature:winter_lodge 0
node:internal/modules/run_main:107
    triggerUncaughtException(
    ^

page.waitForSelector: Timeout 120000ms exceeded.
Call log:
[2m  - waiting for locator('.cozy-world[data-state="ready"] canvas') to be visible[22m

    at /workspace/scratch/9bedca85494b/brainwave/components/immersiveWorlds/cozyRooms/qa/verify.mjs:75:45 {
  log: [
    `  - waiting for locator('.cozy-world[data-state="ready"] canvas') to be visible`
  ],
  name: 'TimeoutError'
}

Node.js v24.19.0
